Archive member included to satisfy reference by file (symbol)

d:/stm32/stm32ide1.7.0/stm32cubeide_1.7.0/stm32cubeide/plugins/com.st.stm32cube.ide.mcu.externaltools.gnu-tools-for-stm32.9-2020-q2-update.win32_2.0.0.202105311346/tools/bin/../lib/gcc/arm-none-eabi/9.3.1/../../../../arm-none-eabi/lib/thumb/v7-m/nofp\libc_nano.a(lib_a-errno.o)
                              ./Core/Src/syscalls.o (__errno)
d:/stm32/stm32ide1.7.0/stm32cubeide_1.7.0/stm32cubeide/plugins/com.st.stm32cube.ide.mcu.externaltools.gnu-tools-for-stm32.9-2020-q2-update.win32_2.0.0.202105311346/tools/bin/../lib/gcc/arm-none-eabi/9.3.1/../../../../arm-none-eabi/lib/thumb/v7-m/nofp\libc_nano.a(lib_a-exit.o)
                              d:/stm32/stm32ide1.7.0/stm32cubeide_1.7.0/stm32cubeide/plugins/com.st.stm32cube.ide.mcu.externaltools.gnu-tools-for-stm32.9-2020-q2-update.win32_2.0.0.202105311346/tools/bin/../lib/gcc/arm-none-eabi/9.3.1/../../../../arm-none-eabi/lib/thumb/v7-m/nofp/crt0.o (exit)
d:/stm32/stm32ide1.7.0/stm32cubeide_1.7.0/stm32cubeide/plugins/com.st.stm32cube.ide.mcu.externaltools.gnu-tools-for-stm32.9-2020-q2-update.win32_2.0.0.202105311346/tools/bin/../lib/gcc/arm-none-eabi/9.3.1/../../../../arm-none-eabi/lib/thumb/v7-m/nofp\libc_nano.a(lib_a-impure.o)
                              d:/stm32/stm32ide1.7.0/stm32cubeide_1.7.0/stm32cubeide/plugins/com.st.stm32cube.ide.mcu.externaltools.gnu-tools-for-stm32.9-2020-q2-update.win32_2.0.0.202105311346/tools/bin/../lib/gcc/arm-none-eabi/9.3.1/../../../../arm-none-eabi/lib/thumb/v7-m/nofp\libc_nano.a(lib_a-exit.o) (_global_impure_ptr)
d:/stm32/stm32ide1.7.0/stm32cubeide_1.7.0/stm32cubeide/plugins/com.st.stm32cube.ide.mcu.externaltools.gnu-tools-for-stm32.9-2020-q2-update.win32_2.0.0.202105311346/tools/bin/../lib/gcc/arm-none-eabi/9.3.1/../../../../arm-none-eabi/lib/thumb/v7-m/nofp\libc_nano.a(lib_a-init.o)
                              d:/stm32/stm32ide1.7.0/stm32cubeide_1.7.0/stm32cubeide/plugins/com.st.stm32cube.ide.mcu.externaltools.gnu-tools-for-stm32.9-2020-q2-update.win32_2.0.0.202105311346/tools/bin/../lib/gcc/arm-none-eabi/9.3.1/../../../../arm-none-eabi/lib/thumb/v7-m/nofp/crt0.o (__libc_init_array)
d:/stm32/stm32ide1.7.0/stm32cubeide_1.7.0/stm32cubeide/plugins/com.st.stm32cube.ide.mcu.externaltools.gnu-tools-for-stm32.9-2020-q2-update.win32_2.0.0.202105311346/tools/bin/../lib/gcc/arm-none-eabi/9.3.1/../../../../arm-none-eabi/lib/thumb/v7-m/nofp\libc_nano.a(lib_a-memset.o)
                              d:/stm32/stm32ide1.7.0/stm32cubeide_1.7.0/stm32cubeide/plugins/com.st.stm32cube.ide.mcu.externaltools.gnu-tools-for-stm32.9-2020-q2-update.win32_2.0.0.202105311346/tools/bin/../lib/gcc/arm-none-eabi/9.3.1/../../../../arm-none-eabi/lib/thumb/v7-m/nofp/crt0.o (memset)

Allocating common symbols
Common symbol       size              file

uwTick              0x4               ./Drivers/STM32F1xx_HAL_Driver/Src/stm32f1xx_hal.o
pFlash              0x20              ./Drivers/STM32F1xx_HAL_Driver/Src/stm32f1xx_hal_flash.o
htim2               0x48              ./Core/Src/main.o

Discarded input sections

 .text          0x0000000000000000        0x0 d:/stm32/stm32ide1.7.0/stm32cubeide_1.7.0/stm32cubeide/plugins/com.st.stm32cube.ide.mcu.externaltools.gnu-tools-for-stm32.9-2020-q2-update.win32_2.0.0.202105311346/tools/bin/../lib/gcc/arm-none-eabi/9.3.1/thumb/v7-m/nofp/crti.o
 .data          0x0000000000000000        0x0 d:/stm32/stm32ide1.7.0/stm32cubeide_1.7.0/stm32cubeide/plugins/com.st.stm32cube.ide.mcu.externaltools.gnu-tools-for-stm32.9-2020-q2-update.win32_2.0.0.202105311346/tools/bin/../lib/gcc/arm-none-eabi/9.3.1/thumb/v7-m/nofp/crti.o
 .bss           0x0000000000000000        0x0 d:/stm32/stm32ide1.7.0/stm32cubeide_1.7.0/stm32cubeide/plugins/com.st.stm32cube.ide.mcu.externaltools.gnu-tools-for-stm32.9-2020-q2-update.win32_2.0.0.202105311346/tools/bin/../lib/gcc/arm-none-eabi/9.3.1/thumb/v7-m/nofp/crti.o
 .data          0x0000000000000000        0x4 d:/stm32/stm32ide1.7.0/stm32cubeide_1.7.0/stm32cubeide/plugins/com.st.stm32cube.ide.mcu.externaltools.gnu-tools-for-stm32.9-2020-q2-update.win32_2.0.0.202105311346/tools/bin/../lib/gcc/arm-none-eabi/9.3.1/thumb/v7-m/nofp/crtbegin.o
 .text          0x0000000000000000       0x7c d:/stm32/stm32ide1.7.0/stm32cubeide_1.7.0/stm32cubeide/plugins/com.st.stm32cube.ide.mcu.externaltools.gnu-tools-for-stm32.9-2020-q2-update.win32_2.0.0.202105311346/tools/bin/../lib/gcc/arm-none-eabi/9.3.1/../../../../arm-none-eabi/lib/thumb/v7-m/nofp/crt0.o
 .data          0x0000000000000000        0x0 d:/stm32/stm32ide1.7.0/stm32cubeide_1.7.0/stm32cubeide/plugins/com.st.stm32cube.ide.mcu.externaltools.gnu-tools-for-stm32.9-2020-q2-update.win32_2.0.0.202105311346/tools/bin/../lib/gcc/arm-none-eabi/9.3.1/../../../../arm-none-eabi/lib/thumb/v7-m/nofp/crt0.o
[...]
Memory Configuration

Name             Origin             Length             Attributes
RAM              0x0000000020000000 0x0000000000002800 xrw
FLASH            0x0000000008000000 0x0000000000008000 xr
*default*        0x0000000000000000 0xffffffffffffffff

Linker script and memory map

LOAD d:/stm32/stm32ide1.7.0/stm32cubeide_1.7.0/stm32cubeide/plugins/com.st.stm32cube.ide.mcu.externaltools.gnu-tools-for-stm32.9-2020-q2-update.win32_2.0.0.202105311346/tools/bin/../lib/gcc/arm-none-eabi/9.3.1/thumb/v7-m/nofp/crti.o
LOAD d:/stm32/stm32ide1.7.0/stm32cubeide_1.7.0/stm32cubeide/plugins/com.st.stm32cube.ide.mcu.externaltools.gnu-tools-for-stm32.9-2020-q2-update.win32_2.0.0.202105311346/tools/bin/../lib/gcc/arm-none-eabi/9.3.1/thumb/v7-m/nofp/crtbegin.o
LOAD d:/stm32/stm32ide1.7.0/stm32cubeide_1.7.0/stm32cubeide/plugins/com.st.stm32cube.ide.mcu.externaltools.gnu-tools-for-stm32.9-2020-q2-update.win32_2.0.0.202105311346/tools/bin/../lib/gcc/arm-none-eabi/9.3.1/../../../../arm-none-eabi/lib/thumb/v7-m/nofp/crt0.o
LOAD ./Core/Src/button.o
LOAD ./Core/Src/fsm_auto.o
LOAD ./Core/Src/fsm_config.o
LOAD ./Core/Src/fsm_manual.o
LOAD ./Core/Src/global.o
LOAD ./Core/Src/led_7seg.o
LOAD ./Core/Src/main.o
LOAD ./Core/Src/software_timer.o
LOAD ./Core/Src/stm32f1xx_hal_msp.o
LOAD ./Core/Src/stm32f1xx_it.o
LOAD ./Core/Src/syscalls.o
LOAD ./Core/Src/sysmem.o
LOAD ./Core/Src/system_stm32f1xx.o
LOAD ./Core/Src/traffic_light.o
LOAD ./Core/Startup/startup_stm32f103c6tx.o
LOAD ./Drivers/STM32F1xx_HAL_Driver/Src/stm32f1xx_hal.o
LOAD ./Drivers/STM32F1xx_HAL_Driver/Src/stm32f1xx_hal_cortex.o
LOAD ./Drivers/STM32F1xx_HAL_Driver/Src/stm32f1xx_hal_dma.o
LOAD ./Drivers/STM32F1xx_HAL_Driver/Src/stm32f1xx_hal_exti.o
LOAD ./Drivers/STM32F1xx_HAL_Driver/Src/stm32f1xx_hal_flash.o
LOAD ./Drivers/STM32F1xx_HAL_Driver/Src/stm32f1xx_hal_flash_ex.o
LOAD ./Drivers/STM32F1xx_HAL_Driver/Src/stm32f1xx_hal_gpio.o
LOAD ./Drivers/STM32F1xx_HAL_Driver/Src/stm32f1xx_hal_gpio_ex.o
LOAD ./Drivers/STM32F1xx_HAL_Driver/Src/stm32f1xx_hal_pwr.o
LOAD ./Drivers/STM32F1xx_HAL_Driver/Src/stm32f1xx_hal_rcc.o
LOAD ./Drivers/STM32F1xx_HAL_Driver/Src/stm32f1xx_hal_rcc_ex.o
LOAD ./Drivers/STM32F1xx_HAL_Driver/Src/stm32f1xx_hal_tim.o
LOAD ./Drivers/STM32F1xx_HAL_Driver/Src/stm32f1xx_hal_tim_ex.o
START GROUP
LOAD d:/stm32/stm32ide1.7.0/stm32cubeide_1.7.0/stm32cubeide/plugins/com.st.stm32cube.ide.mcu.externaltools.gnu-tools-for-stm32.9-2020-q2-update.win32_2.0.0.202105311346/tools/bin/../lib/gcc/arm-none-eabi/9.3.1/../../../../arm-none-eabi/lib/thumb/v7-m/nofp\libc_nano.a
LOAD d:/stm32/stm32ide1.7.0/stm32cubeide_1.7.0/stm32cubeide/plugins/com.st.stm32cube.ide.mcu.externaltools.gnu-tools-for-stm32.9-2020-q2-update.win32_2.0.0.202105311346/tools/bin/../lib/gcc/arm-none-eabi/9.3.1/../../../../arm-none-eabi/lib/thumb/v7-m/nofp\libm.a
END GROUP
START GROUP
LOAD d:/stm32/stm32ide1.7.0/stm32cubeide_1.7.0/stm32cubeide/plugins/com.st.stm32cube.ide.mcu.externaltools.gnu-tools-for-stm32.9-2020-q2-update.win32_2.0.0.202105311346/tools/bin/../lib/gcc/arm-none-eabi/9.3.1/thumb/v7-m/nofp\libgcc.a
LOAD d:/stm32/stm32ide1.7.0/stm32cubeide_1.7.0/stm32cubeide/plugins/com.st.stm32cube.ide.mcu.externaltools.gnu-tools-for-stm32.9-2020-q2-update.win32_2.0.0.202105311346/tools/bin/../lib/gcc/arm-none-eabi/9.3.1/../../../../arm-none-eabi/lib/thumb/v7-m/nofp\libc_nano.a
END GROUP
START GROUP
LOAD d:/stm32/stm32ide1.7.0/stm32cubeide_1.7.0/stm32cubeide/plugins/com.st.stm32cube.ide.mcu.externaltools.gnu-tools-for-stm32.9-2020-q2-update.win32_2.0.0.202105311346/tools/bin/../lib/gcc/arm-none-eabi/9.3.1/thumb/v7-m/nofp\libgcc.a
LOAD d:/stm32/stm32ide1.7.0/stm32cubeide_1.7.0/stm32cubeide/plugins/com.st.stm32cube.ide.mcu.externaltools.gnu-tools-for-stm32.9-2020-q2-update.win32_2.0.0.202105311346/tools/bin/../lib/gcc/arm-none-eabi/9.3.1/../../../../arm-none-eabi/lib/thumb/v7-m/nofp\libc_nano.a
LOAD d:/stm32/stm32ide1.7.0/stm32cubeide_1.7.0/stm32cubeide/plugins/com.st.stm32cube.ide.mcu.externaltools.gnu-tools-for-stm32.9-2020-q2-update.win32_2.0.0.202105311346/tools/bin/../lib/gcc/arm-none-eabi/9.3.1/../../../../arm-none-eabi/lib/thumb/v7-m/nofp\libnosys.a
END GROUP
START GROUP
LOAD d:/stm32/stm32ide1.7.0/stm32cubeide_1.7.0/stm32cubeide/plugins/com.st.stm32cube.ide.mcu.externaltools.gnu-tools-for-stm32.9-2020-q2-update.win32_2.0.0.202105311346/tools/bin/../lib/gcc/arm-none-eabi/9.3.1/thumb/v7-m/nofp\libgcc.a
LOAD d:/stm32/stm32ide1.7.0/stm32cubeide_1.7.0/stm32cubeide/plugins/com.st.stm32cube.ide.mcu.externaltools.gnu-tools-for-stm32.9-2020-q2-update.win32_2.0.0.202105311346/tools/bin/../lib/gcc/arm-none-eabi/9.3.1/../../../../arm-none-eabi/lib/thumb/v7-m/nofp\libc_nano.a
LOAD d:/stm32/stm32ide1.7.0/stm32cubeide_1.7.0/stm32cubeide/plugins/com.st.stm32cube.ide.mcu.externaltools.gnu-tools-for-stm32.9-2020-q2-update.win32_2.0.0.202105311346/tools/bin/../lib/gcc/arm-none-eabi/9.3.1/../../../../arm-none-eabi/lib/thumb/v7-m/nofp\libnosys.a
END GROUP
LOAD d:/stm32/stm32ide1.7.0/stm32cubeide_1.7.0/stm32cubeide/plugins/com.st.stm32cube.ide.mcu.externaltools.gnu-tools-for-stm32.9-2020-q2-update.win32_2.0.0.202105311346/tools/bin/../lib/gcc/arm-none-eabi/9.3.1/thumb/v7-m/nofp/crtend.o
LOAD d:/stm32/stm32ide1.7.0/stm32cubeide_1.7.0/stm32cubeide/plugins/com.st.stm32cube.ide.mcu.externaltools.gnu-tools-for-stm32.9-2020-q2-update.win32_2.0.0.202105311346/tools/bin/../lib/gcc/arm-none-eabi/9.3.1/thumb/v7-m/nofp/crtn.o
                0x0000000020002800                _estack = (ORIGIN (RAM) + LENGTH (RAM))
                0x0000000000000200                _Min_Heap_Size = 0x200
                0x0000000000000400                _Min_Stack_Size = 0x400

.isr_vector     0x0000000008000000      0x10c
                0x0000000008000000                . = ALIGN (0x4)
 *(.isr_vector)
 .isr_vector    0x0000000008000000      0x10c ./Core/Startup/startup_stm32f103c6tx.o
                0x0000000008000000                g_pfnVectors
                0x000000000800010c                . = ALIGN (0x4)

.text           0x000000000800010c     0x2d64
                0x000000000800010c                . = ALIGN (0x4)
 *(.text)
 .text          0x000000000800010c       0x40 d:/stm32/stm32ide1.7.0/stm32cubeide_1.7.0/stm32cubeide/plugins/com.st.stm32cube.ide.mcu.externaltools.gnu-tools-for-stm32.9-2020-q2-update.win32_2.0.0.202105311346/tools/bin/../lib/gcc/arm-none-eabi/9.3.1/thumb/v7-m/nofp/crtbegin.o
 *(.text*)
 .text.get_key_input
                0x000000000800014c       0xa8 ./Core/Src/button.o
                0x000000000800014c                get_key_input
 .text.is_pressed
                0x00000000080001f4       0x20 ./Core/Src/button.o
                0x00000000080001f4                is_pressed
 .text.clear_press
                0x0000000008000214       0x18 ./Core/Src/button.o
                0x0000000008000214                clear_press
 .text.is_long_pressed
                0x000000000800022c       0x26 ./Core/Src/button.o
                0x000000000800022c                is_long_pressed
 .text.clear_long_press
                0x0000000008000252       0x18 ./Core/Src/button.o
                0x0000000008000252                clear_long_press
 *fill*         0x000000000800026a        0x2 
 .text.fsm_auto_run
                0x000000000800026c      0x39c ./Core/Src/fsm_auto.o
                0x000000000800026c                fsm_auto_run
 .text.fsm_config_run
                0x0000000008000608      0x458 ./Core/Src/fsm_config.o
                0x0000000008000608                fsm_config_run
 .text.fsm_manual_run
                0x0000000008000a60      0x1f8 ./Core/Src/fsm_manual.o
                0x0000000008000a60                fsm_manual_run
 .text.led_7_seg_scan
                0x0000000008000c58      0x120 ./Core/Src/led_7seg.o
                0x0000000008000c58                led_7_seg_scan
 .text.led_7_seg_display
                0x0000000008000d78      0x190 ./Core/Src/led_7seg.o
                0x0000000008000d78                led_7_seg_display
 .text.led_7_seg_set
                0x0000000008000f08       0x78 ./Core/Src/led_7seg.o
                0x0000000008000f08                led_7_seg_set
 .text.main     0x0000000008000f80       0x3e ./Core/Src/main.o
                0x0000000008000f80                main
 .text.SystemClock_Config
                0x0000000008000fbe       0x76 ./Core/Src/main.o
                0x0000000008000fbe                SystemClock_Config
 .text.MX_TIM2_Init
                0x0000000008001034       0x98 ./Core/Src/main.o
 .text.MX_GPIO_Init
                0x00000000080010cc       0xc4 ./Core/Src/main.o
 .text.init_system
                0x0000000008001190       0x34 ./Core/Src/main.o
                0x0000000008001190                init_system
 .text.HAL_TIM_PeriodElapsedCallback
                0x00000000080011c4       0x3c ./Core/Src/main.o
                0x00000000080011c4                HAL_TIM_PeriodElapsedCallback
 .text.Error_Handler
                0x0000000008001200        0xa ./Core/Src/main.o
                0x0000000008001200                Error_Handler
 *fill*         0x000000000800120a        0x2 
 .text.timer_set
                0x000000000800120c       0x3c ./Core/Src/software_timer.o
                0x000000000800120c                timer_set
 .text.timer_run
                0x0000000008001248       0x5c ./Core/Src/software_timer.o
                0x0000000008001248                timer_run
 .text.timer_is_expired
                0x00000000080012a4       0x2c ./Core/Src/software_timer.o
                0x00000000080012a4                timer_is_expired
 .text.HAL_MspInit
                0x00000000080012d0       0x64 ./Core/Src/stm32f1xx_hal_msp.o
                0x00000000080012d0                HAL_MspInit
 .text.HAL_TIM_Base_MspInit
                0x0000000008001334       0x48 ./Core/Src/stm32f1xx_hal_msp.o
                0x0000000008001334                HAL_TIM_Base_MspInit
 .text.NMI_Handler
                0x000000000800137c        0x6 ./Core/Src/stm32f1xx_it.o
                0x000000000800137c                NMI_Handler
 .text.HardFault_Handler
                0x0000000008001382        0x6 ./Core/Src/stm32f1xx_it.o
                0x0000000008001382                HardFault_Handler
 .text.MemManage_Handler
                0x0000000008001388        0x6 ./Core/Src/stm32f1xx_it.o
                0x0000000008001388                MemManage_Handler
 .text.BusFault_Handler
                0x000000000800138e        0x6 ./Core/Src/stm32f1xx_it.o
                0x000000000800138e                BusFault_Handler
 .text.UsageFault_Handler
                0x0000000008001394        0x6 ./Core/Src/stm32f1xx_it.o
                0x0000000008001394                UsageFault_Handler
 .text.SVC_Handler
                0x000000000800139a        0xc ./Core/Src/stm32f1xx_it.o
                0x000000000800139a                SVC_Handler
 .text.DebugMon_Handler
                0x00000000080013a6        0xc ./Core/Src/stm32f1xx_it.o
                0x00000000080013a6                DebugMon_Handler
 .text.PendSV_Handler
                0x00000000080013b2        0xc ./Core/Src/stm32f1xx_it.o
                0x00000000080013b2                PendSV_Handler
 .text.SysTick_Handler
                0x00000000080013be        0xc ./Core/Src/stm32f1xx_it.o
                0x00000000080013be                SysTick_Handler
 *fill*         0x00000000080013ca        0x2 
 .text.TIM2_IRQHandler
                0x00000000080013cc       0x14 ./Core/Src/stm32f1xx_it.o
                0x00000000080013cc                TIM2_IRQHandler
 .text.SystemInit
                0x00000000080013e0        0xc ./Core/Src/system_stm32f1xx.o
                0x00000000080013e0                SystemInit
 .text.red_green_display
                0x00000000080013ec       0x50 ./Core/Src/traffic_light.o
                0x00000000080013ec                red_green_display
 .text.green_red_display
                0x000000000800143c       0x50 ./Core/Src/traffic_light.o
                0x000000000800143c                green_red_display
 .text.amber_red_display
                0x000000000800148c       0x50 ./Core/Src/traffic_light.o
                0x000000000800148c                amber_red_display
 .text.red_amber_display
                0x00000000080014dc       0x50 ./Core/Src/traffic_light.o
                0x00000000080014dc                red_amber_display
 .text.traffic_light_turn_off_all
                0x000000000800152c       0x50 ./Core/Src/traffic_light.o
                0x000000000800152c                traffic_light_turn_off_all
 .text.traffic_light_turn_on_all
                0x000000000800157c       0x50 ./Core/Src/traffic_light.o
                0x000000000800157c                traffic_light_turn_on_all
 .text.traffic_light_blink_amber
                0x00000000080015cc       0x20 ./Core/Src/traffic_light.o
                0x00000000080015cc                traffic_light_blink_amber
 .text.traffic_light_blink_green
                0x00000000080015ec       0x20 ./Core/Src/traffic_light.o
                0x00000000080015ec                traffic_light_blink_green
 .text.traffic_light_blink_red
                0x000000000800160c       0x20 ./Core/Src/traffic_light.o
                0x000000000800160c                traffic_light_blink_red
 .text.traffic_light_turn_on_red
                0x000000000800162c       0x24 ./Core/Src/traffic_light.o
                0x000000000800162c                traffic_light_turn_on_red
 .text.traffic_light_turn_on_amber
                0x0000000008001650       0x50 ./Core/Src/traffic_light.o
                0x0000000008001650                traffic_light_turn_on_amber
 .text.traffic_light_turn_on_green
                0x00000000080016a0       0x50 ./Core/Src/traffic_light.o
                0x00000000080016a0                traffic_light_turn_on_green
 .text.traffic_light_blink_red_init
                0x00000000080016f0       0x50 ./Core/Src/traffic_light.o
                0x00000000080016f0                traffic_light_blink_red_init
 .text.traffic_light_blink_green_init
                0x0000000008001740       0x50 ./Core/Src/traffic_light.o
                0x0000000008001740                traffic_light_blink_green_init
 .text.traffic_light_blink_amber_init
                0x0000000008001790       0x50 ./Core/Src/traffic_light.o
                0x0000000008001790                traffic_light_blink_amber_init
 .text.Reset_Handler
                0x00000000080017e0       0x48 ./Core/Startup/startup_stm32f103c6tx.o
                0x00000000080017e0                Reset_Handler
 .text.Default_Handler
                0x0000000008001828        0x2 ./Core/Startup/startup_stm32f103c6tx.o
                0x0000000008001828                RTC_Alarm_IRQHandler
                0x0000000008001828                EXTI2_IRQHandler
                0x0000000008001828                TIM1_CC_IRQHandler
                0x0000000008001828                PVD_IRQHandler
                0x0000000008001828                EXTI3_IRQHandler
                0x0000000008001828                EXTI0_IRQHandler
                0x0000000008001828                ADC1_2_IRQHandler
                0x0000000008001828                SPI1_IRQHandler
                0x0000000008001828                TAMPER_IRQHandler
                0x0000000008001828                DMA1_Channel4_IRQHandler
                0x0000000008001828                RTC_IRQHandler
                0x0000000008001828                DMA1_Channel7_IRQHandler
                0x0000000008001828                CAN1_RX1_IRQHandler
                0x0000000008001828                I2C1_EV_IRQHandler
                0x0000000008001828                DMA1_Channel6_IRQHandler
                0x0000000008001828                TIM3_IRQHandler
                0x0000000008001828                RCC_IRQHandler
                0x0000000008001828                TIM1_TRG_COM_IRQHandler
                0x0000000008001828                DMA1_Channel1_IRQHandler
                0x0000000008001828                Default_Handler
                0x0000000008001828                EXTI15_10_IRQHandler
                0x0000000008001828                EXTI9_5_IRQHandler
                0x0000000008001828                DMA1_Channel5_IRQHandler
                0x0000000008001828                EXTI4_IRQHandler
                0x0000000008001828                USB_LP_CAN1_RX0_IRQHandler
                0x0000000008001828                USB_HP_CAN1_TX_IRQHandler
                0x0000000008001828                DMA1_Channel3_IRQHandler
                0x0000000008001828                TIM1_UP_IRQHandler
                0x0000000008001828                WWDG_IRQHandler
                0x0000000008001828                TIM1_BRK_IRQHandler
                0x0000000008001828                EXTI1_IRQHandler
                0x0000000008001828                USART2_IRQHandler
                0x0000000008001828                DMA1_Channel2_IRQHandler
                0x0000000008001828                CAN1_SCE_IRQHandler
                0x0000000008001828                FLASH_IRQHandler
                0x0000000008001828                USART1_IRQHandler
                0x0000000008001828                I2C1_ER_IRQHandler
                0x0000000008001828                USBWakeUp_IRQHandler
 *fill*         0x000000000800182a        0x2 
 .text.HAL_Init
                0x000000000800182c       0x2c ./Drivers/STM32F1xx_HAL_Driver/Src/stm32f1xx_hal.o
                0x000000000800182c                HAL_Init
 .text.HAL_InitTick
                0x0000000008001858       0x60 ./Drivers/STM32F1xx_HAL_Driver/Src/stm32f1xx_hal.o
                0x0000000008001858                HAL_InitTick
 .text.HAL_IncTick
                0x00000000080018b8       0x24 ./Drivers/STM32F1xx_HAL_Driver/Src/stm32f1xx_hal.o
                0x00000000080018b8                HAL_IncTick
 .text.HAL_GetTick
                0x00000000080018dc       0x14 ./Drivers/STM32F1xx_HAL_Driver/Src/stm32f1xx_hal.o
                0x00000000080018dc                HAL_GetTick
 .text.__NVIC_SetPriorityGrouping
                0x00000000080018f0       0x48 ./Drivers/STM32F1xx_HAL_Driver/Src/stm32f1xx_hal_cortex.o
 .text.__NVIC_GetPriorityGrouping
                0x0000000008001938       0x1c ./Drivers/STM32F1xx_HAL_Driver/Src/stm32f1xx_hal_cortex.o
 .text.__NVIC_EnableIRQ
                0x0000000008001954       0x38 ./Drivers/STM32F1xx_HAL_Driver/Src/stm32f1xx_hal_cortex.o
 .text.__NVIC_SetPriority
                0x000000000800198c       0x54 ./Drivers/STM32F1xx_HAL_Driver/Src/stm32f1xx_hal_cortex.o
 .text.NVIC_EncodePriority
                0x00000000080019e0       0x64 ./Drivers/STM32F1xx_HAL_Driver/Src/stm32f1xx_hal_cortex.o
 .text.SysTick_Config
                0x0000000008001a44       0x44 ./Drivers/STM32F1xx_HAL_Driver/Src/stm32f1xx_hal_cortex.o
 .text.HAL_NVIC_SetPriorityGrouping
                0x0000000008001a88       0x16 ./Drivers/STM32F1xx_HAL_Driver/Src/stm32f1xx_hal_cortex.o
                0x0000000008001a88                HAL_NVIC_SetPriorityGrouping
 .text.HAL_NVIC_SetPriority
                0x0000000008001a9e       0x38 ./Drivers/STM32F1xx_HAL_Driver/Src/stm32f1xx_hal_cortex.o
                0x0000000008001a9e                HAL_NVIC_SetPriority
 .text.HAL_NVIC_EnableIRQ
                0x0000000008001ad6       0x1c ./Drivers/STM32F1xx_HAL_Driver/Src/stm32f1xx_hal_cortex.o
                0x0000000008001ad6                HAL_NVIC_EnableIRQ
 .text.HAL_SYSTICK_Config
                0x0000000008001af2       0x18 ./Drivers/STM32F1xx_HAL_Driver/Src/stm32f1xx_hal_cortex.o
                0x0000000008001af2                HAL_SYSTICK_Config
 *fill*         0x0000000008001b0a        0x2 
 .text.HAL_GPIO_Init
                0x0000000008001b0c      0x2f4 ./Drivers/STM32F1xx_HAL_Driver/Src/stm32f1xx_hal_gpio.o
                0x0000000008001b0c                HAL_GPIO_Init
 .text.HAL_GPIO_ReadPin
                0x0000000008001e00       0x2e ./Drivers/STM32F1xx_HAL_Driver/Src/stm32f1xx_hal_gpio.o
                0x0000000008001e00                HAL_GPIO_ReadPin
 .text.HAL_GPIO_WritePin
                0x0000000008001e2e       0x30 ./Drivers/STM32F1xx_HAL_Driver/Src/stm32f1xx_hal_gpio.o
                0x0000000008001e2e                HAL_GPIO_WritePin
 .text.HAL_GPIO_TogglePin
                0x0000000008001e5e       0x32 ./Drivers/STM32F1xx_HAL_Driver/Src/stm32f1xx_hal_gpio.o
                0x0000000008001e5e                HAL_GPIO_TogglePin
 .text.HAL_RCC_OscConfig
                0x0000000008001e90      0x500 ./Drivers/STM32F1xx_HAL_Driver/Src/stm32f1xx_hal_rcc.o
                0x0000000008001e90                HAL_RCC_OscConfig
 .text.HAL_RCC_ClockConfig
                0x0000000008002390      0x1d4 ./Drivers/STM32F1xx_HAL_Driver/Src/stm32f1xx_hal_rcc.o
                0x0000000008002390                HAL_RCC_ClockConfig
 .text.HAL_RCC_GetSysClockFreq
                0x0000000008002564       0xa8 ./Drivers/STM32F1xx_HAL_Driver/Src/stm32f1xx_hal_rcc.o
                0x0000000008002564                HAL_RCC_GetSysClockFreq
 .text.RCC_Delay
                0x000000000800260c       0x3c ./Drivers/STM32F1xx_HAL_Driver/Src/stm32f1xx_hal_rcc.o
 .text.HAL_TIM_Base_Init
                0x0000000008002648       0x9e ./Drivers/STM32F1xx_HAL_Driver/Src/stm32f1xx_hal_tim.o
                0x0000000008002648                HAL_TIM_Base_Init
 *fill*         0x00000000080026e6        0x2 
 .text.HAL_TIM_Base_Start_IT
                0x00000000080026e8       0x98 ./Drivers/STM32F1xx_HAL_Driver/Src/stm32f1xx_hal_tim.o
                0x00000000080026e8                HAL_TIM_Base_Start_IT
 .text.HAL_TIM_IRQHandler
                0x0000000008002780      0x1e0 ./Drivers/STM32F1xx_HAL_Driver/Src/stm32f1xx_hal_tim.o
                0x0000000008002780                HAL_TIM_IRQHandler
 .text.HAL_TIM_ConfigClockSource
                0x0000000008002960      0x18e ./Drivers/STM32F1xx_HAL_Driver/Src/stm32f1xx_hal_tim.o
                0x0000000008002960                HAL_TIM_ConfigClockSource
 .text.HAL_TIM_OC_DelayElapsedCallback
                0x0000000008002aee       0x12 ./Drivers/STM32F1xx_HAL_Driver/Src/stm32f1xx_hal_tim.o
                0x0000000008002aee                HAL_TIM_OC_DelayElapsedCallback
 .text.HAL_TIM_IC_CaptureCallback
                0x0000000008002b00       0x12 ./Drivers/STM32F1xx_HAL_Driver/Src/stm32f1xx_hal_tim.o
                0x0000000008002b00                HAL_TIM_IC_CaptureCallback
 .text.HAL_TIM_PWM_PulseFinishedCallback
                0x0000000008002b12       0x12 ./Drivers/STM32F1xx_HAL_Driver/Src/stm32f1xx_hal_tim.o
                0x0000000008002b12                HAL_TIM_PWM_PulseFinishedCallback
 .text.HAL_TIM_TriggerCallback
                0x0000000008002b24       0x12 ./Drivers/STM32F1xx_HAL_Driver/Src/stm32f1xx_hal_tim.o
                0x0000000008002b24                HAL_TIM_TriggerCallback
 *fill*         0x0000000008002b36        0x2 
 .text.TIM_Base_SetConfig
                0x0000000008002b38       0xc8 ./Drivers/STM32F1xx_HAL_Driver/Src/stm32f1xx_hal_tim.o
                0x0000000008002b38                TIM_Base_SetConfig
 .text.TIM_TI1_ConfigInputStage
                0x0000000008002c00       0x5c ./Drivers/STM32F1xx_HAL_Driver/Src/stm32f1xx_hal_tim.o
 .text.TIM_TI2_ConfigInputStage
                0x0000000008002c5c       0x5e ./Drivers/STM32F1xx_HAL_Driver/Src/stm32f1xx_hal_tim.o
 .text.TIM_ITRx_SetConfig
                0x0000000008002cba       0x34 ./Drivers/STM32F1xx_HAL_Driver/Src/stm32f1xx_hal_tim.o
 .text.TIM_ETR_SetConfig
                0x0000000008002cee       0x3e ./Drivers/STM32F1xx_HAL_Driver/Src/stm32f1xx_hal_tim.o
                0x0000000008002cee                TIM_ETR_SetConfig
 .text.HAL_TIMEx_MasterConfigSynchronization
                0x0000000008002d2c       0xb0 ./Drivers/STM32F1xx_HAL_Driver/Src/stm32f1xx_hal_tim_ex.o
                0x0000000008002d2c                HAL_TIMEx_MasterConfigSynchronization
 .text.HAL_TIMEx_CommutCallback
                0x0000000008002ddc       0x12 ./Drivers/STM32F1xx_HAL_Driver/Src/stm32f1xx_hal_tim_ex.o
                0x0000000008002ddc                HAL_TIMEx_CommutCallback
 .text.HAL_TIMEx_BreakCallback
                0x0000000008002dee       0x12 ./Drivers/STM32F1xx_HAL_Driver/Src/stm32f1xx_hal_tim_ex.o
                0x0000000008002dee                HAL_TIMEx_BreakCallback
 .text.__libc_init_array
                0x0000000008002e00       0x48 d:/stm32/stm32ide1.7.0/stm32cubeide_1.7.0/stm32cubeide/plugins/com.st.stm32cube.ide.mcu.externaltools.gnu-tools-for-stm32.9-2020-q2-update.win32_2.0.0.202105311346/tools/bin/../lib/gcc/arm-none-eabi/9.3.1/../../../../arm-none-eabi/lib/thumb/v7-m/nofp\libc_nano.a(lib_a-init.o)
                0x0000000008002e00                __libc_init_array
 .text.memset   0x0000000008002e48       0x10 d:/stm32/stm32ide1.7.0/stm32cubeide_1.7.0/stm32cubeide/plugins/com.st.stm32cube.ide.mcu.externaltools.gnu-tools-for-stm32.9-2020-q2-update.win32_2.0.0.202105311346/tools/bin/../lib/gcc/arm-none-eabi/9.3.1/../../../../arm-none-eabi/lib/thumb/v7-m/nofp\libc_nano.a(lib_a-memset.o)
                0x0000000008002e48                memset
 *(.glue_7)
 .glue_7        0x0000000008002e58        0x0 linker stubs
 *(.glue_7t)
 .glue_7t       0x0000000008002e58        0x0 linker stubs
 *(.eh_frame)
 .eh_frame      0x0000000008002e58        0x0 d:/stm32/stm32ide1.7.0/stm32cubeide_1.7.0/stm32cubeide/plugins/com.st.stm32cube.ide.mcu.externaltools.gnu-tools-for-stm32.9-2020-q2-update.win32_2.0.0.202105311346/tools/bin/../lib/gcc/arm-none-eabi/9.3.1/thumb/v7-m/nofp/crtbegin.o
 *(.init)
 .init          0x0000000008002e58        0x4 d:/stm32/stm32ide1.7.0/stm32cubeide_1.7.0/stm32cubeide/plugins/com.st.stm32cube.ide.mcu.externaltools.gnu-tools-for-stm32.9-2020-q2-update.win32_2.0.0.202105311346/tools/bin/../lib/gcc/arm-none-eabi/9.3.1/thumb/v7-m/nofp/crti.o
                0x0000000008002e58                _init
 .init          0x0000000008002e5c        0x8 d:/stm32/stm32ide1.7.0/stm32cubeide_1.7.0/stm32cubeide/plugins/com.st.stm32cube.ide.mcu.externaltools.gnu-tools-for-stm32.9-2020-q2-update.win32_2.0.0.202105311346/tools/bin/../lib/gcc/arm-none-eabi/9.3.1/thumb/v7-m/nofp/crtn.o
 *(.fini)
 .fini          0x0000000008002e64        0x4 d:/stm32/stm32ide1.7.0/stm32cubeide_1.7.0/stm32cubeide/plugins/com.st.stm32cube.ide.mcu.externaltools.gnu-tools-for-stm32.9-2020-q2-update.win32_2.0.0.202105311346/tools/bin/../lib/gcc/arm-none-eabi/9.3.1/thumb/v7-m/nofp/crti.o
                0x0000000008002e64                _fini
 .fini          0x0000000008002e68        0x8 d:/stm32/stm32ide1.7.0/stm32cubeide_1.7.0/stm32cubeide/plugins/com.st.stm32cube.ide.mcu.externaltools.gnu-tools-for-stm32.9-2020-q2-update.win32_2.0.0.202105311346/tools/bin/../lib/gcc/arm-none-eabi/9.3.1/thumb/v7-m/nofp/crtn.o
                0x0000000008002e70                . = ALIGN (0x4)
                0x0000000008002e70                _etext = .

.vfp11_veneer   0x0000000008002e70        0x0
 .vfp11_veneer  0x0000000008002e70        0x0 linker stubs

.v4_bx          0x0000000008002e70        0x0
 .v4_bx         0x0000000008002e70        0x0 linker stubs

.iplt           0x0000000008002e70        0x0
 .iplt          0x0000000008002e70        0x0 d:/stm32/stm32ide1.7.0/stm32cubeide_1.7.0/stm32cubeide/plugins/com.st.stm32cube.ide.mcu.externaltools.gnu-tools-for-stm32.9-2020-q2-update.win32_2.0.0.202105311346/tools/bin/../lib/gcc/arm-none-eabi/9.3.1/thumb/v7-m/nofp/crtbegin.o

.rodata         0x0000000008002e70       0x24
                0x0000000008002e70                . = ALIGN (0x4)
 *(.rodata)
 *(.rodata*)
 .rodata.AHBPrescTable
                0x0000000008002e70       0x10 ./Core/Src/system_stm32f1xx.o
                0x0000000008002e70                AHBPrescTable
 .rodata.aPLLMULFactorTable.6032
                0x0000000008002e80       0x10 ./Drivers/STM32F1xx_HAL_Driver/Src/stm32f1xx_hal_rcc.o
 .rodata.aPredivFactorTable.6033
                0x0000000008002e90        0x2 ./Drivers/STM32F1xx_HAL_Driver/Src/stm32f1xx_hal_rcc.o
                0x0000000008002e94                . = ALIGN (0x4)
 *fill*         0x0000000008002e92        0x2 

.rel.dyn        0x0000000008002e94        0x0
 .rel.iplt      0x0000000008002e94        0x0 d:/stm32/stm32ide1.7.0/stm32cubeide_1.7.0/stm32cubeide/plugins/com.st.stm32cube.ide.mcu.externaltools.gnu-tools-for-stm32.9-2020-q2-update.win32_2.0.0.202105311346/tools/bin/../lib/gcc/arm-none-eabi/9.3.1/thumb/v7-m/nofp/crtbegin.o

.ARM.extab      0x0000000008002e94        0x0
                0x0000000008002e94                . = ALIGN (0x4)
 *(.ARM.extab* .gnu.linkonce.armextab.*)
                0x0000000008002e94                . = ALIGN (0x4)

.ARM            0x0000000008002e94        0x0
                0x0000000008002e94                . = ALIGN (0x4)
                0x0000000008002e94                __exidx_start = .
 *(.ARM.exidx*)
                0x0000000008002e94                __exidx_end = .
                0x0000000008002e94                . = ALIGN (0x4)

.preinit_array  0x0000000008002e94        0x0
                0x0000000008002e94                . = ALIGN (0x4)
                0x0000000008002e94                PROVIDE (__preinit_array_start = .)
 *(.preinit_array*)
                0x0000000008002e94                PROVIDE (__preinit_array_end = .)
                0x0000000008002e94                . = ALIGN (0x4)

.init_array     0x0000000008002e94        0x4
                0x0000000008002e94                . = ALIGN (0x4)
                0x0000000008002e94                PROVIDE (__init_array_start = .)
 *(SORT_BY_NAME(.init_array.*))
 *(.init_array*)
 .init_array    0x0000000008002e94        0x4 d:/stm32/stm32ide1.7.0/stm32cubeide_1.7.0/stm32cubeide/plugins/com.st.stm32cube.ide.mcu.externaltools.gnu-tools-for-stm32.9-2020-q2-update.win32_2.0.0.202105311346/tools/bin/../lib/gcc/arm-none-eabi/9.3.1/thumb/v7-m/nofp/crtbegin.o
                0x0000000008002e98                PROVIDE (__init_array_end = .)
                0x0000000008002e98                . = ALIGN (0x4)

.fini_array     0x0000000008002e98        0x4
                0x0000000008002e98                . = ALIGN (0x4)
                [!provide]                        PROVIDE (__fini_array_start = .)
 *(SORT_BY_NAME(.fini_array.*))
 *(.fini_array*)
 .fini_array    0x0000000008002e98        0x4 d:/stm32/stm32ide1.7.0/stm32cubeide_1.7.0/stm32cubeide/plugins/com.st.stm32cube.ide.mcu.externaltools.gnu-tools-for-stm32.9-2020-q2-update.win32_2.0.0.202105311346/tools/bin/../lib/gcc/arm-none-eabi/9.3.1/thumb/v7-m/nofp/crtbegin.o
                [!provide]                        PROVIDE (__fini_array_end = .)
                0x0000000008002e9c                . = ALIGN (0x4)
                0x0000000008002e9c                _sidata = LOADADDR (.data)

.data           0x0000000020000000       0x8c load address 0x0000000008002e9c
                0x0000000020000000                . = ALIGN (0x4)
                0x0000000020000000                _sdata = .
 *(.data)
 *(.data*)
 .data.button_1
                0x0000000020000000       0x14 ./Core/Src/button.o
                0x0000000020000000                button_1
 .data.button_2
                0x0000000020000014       0x14 ./Core/Src/button.o
                0x0000000020000014                button_2
 .data.button_3
                0x0000000020000028       0x14 ./Core/Src/button.o
                0x0000000020000028                button_3
 .data.red_time_ms
                0x000000002000003c        0x4 ./Core/Src/global.o
                0x000000002000003c                red_time_ms
 .data.green_time_ms
                0x0000000020000040        0x4 ./Core/Src/global.o
                0x0000000020000040                green_time_ms
 .data.amber_time_ms
                0x0000000020000044        0x4 ./Core/Src/global.o
                0x0000000020000044                amber_time_ms
 .data.red_time_s
                0x0000000020000048        0x4 ./Core/Src/global.o
                0x0000000020000048                red_time_s
 .data.green_time_s
                0x000000002000004c        0x4 ./Core/Src/global.o
                0x000000002000004c                green_time_s
 .data.amber_time_s
                0x0000000020000050        0x4 ./Core/Src/global.o
                0x0000000020000050                amber_time_s
 .data.counter_way1_s
                0x0000000020000054        0x4 ./Core/Src/global.o
                0x0000000020000054                counter_way1_s
 .data.counter_way2_s
                0x0000000020000058        0x4 ./Core/Src/global.o
                0x0000000020000058                counter_way2_s
 .data.way1_digit0_port
                0x000000002000005c        0x4 ./Core/Src/led_7seg.o
                0x000000002000005c                way1_digit0_port
 .data.way1_digit1_port
                0x0000000020000060        0x4 ./Core/Src/led_7seg.o
                0x0000000020000060                way1_digit1_port
 .data.way2_digit0_port
                0x0000000020000064        0x4 ./Core/Src/led_7seg.o
                0x0000000020000064                way2_digit0_port
 .data.way2_digit1_port
                0x0000000020000068        0x4 ./Core/Src/led_7seg.o
                0x0000000020000068                way2_digit1_port
 .data.way1_digit0_pin
                0x000000002000006c        0x2 ./Core/Src/led_7seg.o
                0x000000002000006c                way1_digit0_pin
 .data.way1_digit1_pin
                0x000000002000006e        0x2 ./Core/Src/led_7seg.o
                0x000000002000006e                way1_digit1_pin
 .data.way2_digit0_pin
                0x0000000020000070        0x2 ./Core/Src/led_7seg.o
                0x0000000020000070                way2_digit0_pin
 .data.way2_digit1_pin
                0x0000000020000072        0x2 ./Core/Src/led_7seg.o
                0x0000000020000072                way2_digit1_pin
 .data.numArray
                0x0000000020000074        0xa ./Core/Src/led_7seg.o
                0x0000000020000074                numArray
 *fill*         0x000000002000007e        0x2 
 .data.SystemCoreClock
                0x0000000020000080        0x4 ./Core/Src/system_stm32f1xx.o
                0x0000000020000080                SystemCoreClock
 .data.uwTickPrio
                0x0000000020000084        0x4 ./Drivers/STM32F1xx_HAL_Driver/Src/stm32f1xx_hal.o
                0x0000000020000084                uwTickPrio
 .data.uwTickFreq
                0x0000000020000088        0x1 ./Drivers/STM32F1xx_HAL_Driver/Src/stm32f1xx_hal.o
                0x0000000020000088                uwTickFreq
 *(.RamFunc)
 *(.RamFunc*)
                0x000000002000008c                . = ALIGN (0x4)
 *fill*         0x0000000020000089        0x3 
                0x000000002000008c                _edata = .

.igot.plt       0x000000002000008c        0x0 load address 0x0000000008002f28
 .igot.plt      0x000000002000008c        0x0 d:/stm32/stm32ide1.7.0/stm32cubeide_1.7.0/stm32cubeide/plugins/com.st.stm32cube.ide.mcu.externaltools.gnu-tools-for-stm32.9-2020-q2-update.win32_2.0.0.202105311346/tools/bin/../lib/gcc/arm-none-eabi/9.3.1/thumb/v7-m/nofp/crtbegin.o
                0x000000002000008c                . = ALIGN (0x4)

.bss            0x000000002000008c       0xc0 load address 0x0000000008002f28
                0x000000002000008c                _sbss = .
                0x000000002000008c                __bss_start__ = _sbss
 *(.bss)
 .bss           0x000000002000008c       0x1c d:/stm32/stm32ide1.7.0/stm32cubeide_1.7.0/stm32cubeide/plugins/com.st.stm32cube.ide.mcu.externaltools.gnu-tools-for-stm32.9-2020-q2-update.win32_2.0.0.202105311346/tools/bin/../lib/gcc/arm-none-eabi/9.3.1/thumb/v7-m/nofp/crtbegin.o
 *(.bss*)
 .bss.auto_status
                0x00000000200000a8        0x1 ./Core/Src/fsm_auto.o
                0x00000000200000a8                auto_status
 .bss.config_status
                0x00000000200000a9        0x1 ./Core/Src/fsm_config.o
                0x00000000200000a9                config_status
 *fill*         0x00000000200000aa        0x2 
 .bss.tmp_red_time_s
                0x00000000200000ac        0x4 ./Core/Src/fsm_config.o
 .bss.tmp_green_time_s
                0x00000000200000b0        0x4 ./Core/Src/fsm_config.o
 .bss.tmp_amber_time_s
                0x00000000200000b4        0x4 ./Core/Src/fsm_config.o
 .bss.manual_status
                0x00000000200000b8        0x1 ./Core/Src/fsm_manual.o
                0x00000000200000b8                manual_status
 .bss.manual_status_prev
                0x00000000200000b9        0x1 ./Core/Src/fsm_manual.o
                0x00000000200000b9                manual_status_prev
 *fill*         0x00000000200000ba        0x2 
 .bss.led_7seg_index
                0x00000000200000bc        0x4 ./Core/Src/led_7seg.o
 .bss.led7seg   0x00000000200000c0       0x10 ./Core/Src/led_7seg.o
 .bss.sw_timers
                0x00000000200000d0       0x30 ./Core/Src/software_timer.o
 *(COMMON)
 COMMON         0x0000000020000100       0x48 ./Core/Src/main.o
                0x0000000020000100                htim2
 COMMON         0x0000000020000148        0x4 ./Drivers/STM32F1xx_HAL_Driver/Src/stm32f1xx_hal.o
                0x0000000020000148                uwTick
                0x000000002000014c                . = ALIGN (0x4)
                0x000000002000014c                _ebss = .
                0x000000002000014c                __bss_end__ = _ebss

._user_heap_stack
                0x000000002000014c      0x604 load address 0x0000000008002f28
                0x0000000020000150                . = ALIGN (0x8)
 *fill*         0x000000002000014c        0x4 
                [!provide]                        PROVIDE (end = .)
                0x0000000020000150                PROVIDE (_end = .)
                0x0000000020000350                . = (. + _Min_Heap_Size)
 *fill*         0x0000000020000150      0x200 
                0x0000000020000750                . = (. + _Min_Stack_Size)
 *fill*         0x0000000020000350      0x400 
                0x0000000020000750                . = ALIGN (0x8)

/DISCARD/
 libc.a(*)
 libm.a(*)
 libgcc.a(*)

.ARM.attributes
                0x0000000000000000       0x29
 *(.ARM.attributes)
 .ARM.attributes
                0x0000000000000000       0x1d d:/stm32/stm32ide1.7.0/stm32cubeide_1.7.0/stm32cubeide/plugins/com.st.stm32cube.ide.mcu.externaltools.gnu-tools-for-stm32.9-2020-q2-update.win32_2.0.0.202105311346/tools/bin/../lib/gcc/arm-none-eabi/9.3.1/thumb/v7-m/nofp/crti.o
 .ARM.attributes
                0x000000000000001d       0x2d d:/stm32/stm32ide1.7.0/stm32cubeide_1.7.0/stm32cubeide/plugins/com.st.stm32cube.ide.mcu.externaltools.gnu-tools-for-stm32.9-2020-q2-update.win32_2.0.0.202105311346/tools/bin/../lib/gcc/arm-none-eabi/9.3.1/thumb/v7-m/nofp/crtbegin.o
 .ARM.attributes
                0x000000000000004a       0x2d ./Core/Src/button.o
 .ARM.attributes
                0x0000000000000077       0x2d ./Core/Src/fsm_auto.o
 .ARM.attributes
                0x00000000000000a4       0x2d ./Core/Src/fsm_config.o
 .ARM.attributes
                0x00000000000000d1       0x2d ./Core/Src/fsm_manual.o
 .ARM.attributes
                0x00000000000000fe       0x33 ./Core/Src/global.o
 .ARM.attributes
                0x0000000000000131       0x2d ./Core/Src/led_7seg.o
 .ARM.attributes
                0x000000000000015e       0x2d ./Core/Src/main.o
 .ARM.attributes
                0x000000000000018b       0x2d ./Core/Src/software_timer.o
 .ARM.attributes
                0x00000000000001b8       0x2d ./Core/Src/stm32f1xx_hal_msp.o
 .ARM.attributes
                0x00000000000001e5       0x2d ./Core/Src/stm32f1xx_it.o
 .ARM.attributes
                0x0000000000000212       0x2d ./Core/Src/system_stm32f1xx.o
 .ARM.attributes
                0x000000000000023f       0x2d ./Core/Src/traffic_light.o
 .ARM.attributes
                0x000000000000026c       0x21 ./Core/Startup/startup_stm32f103c6tx.o
 .ARM.attributes
                0x000000000000028d       0x2d ./Drivers/STM32F1xx_HAL_Driver/Src/stm32f1xx_hal.o
 .ARM.attributes
                0x00000000000002ba       0x2d ./Drivers/STM32F1xx_HAL_Driver/Src/stm32f1xx_hal_cortex.o
 .ARM.attributes
                0x00000000000002e7       0x2d ./Drivers/STM32F1xx_HAL_Driver/Src/stm32f1xx_hal_gpio.o
 .ARM.attributes
                0x0000000000000314       0x2d ./Drivers/STM32F1xx_HAL_Driver/Src/stm32f1xx_hal_rcc.o
 .ARM.attributes
                0x0000000000000341       0x2d ./Drivers/STM32F1xx_HAL_Driver/Src/stm32f1xx_hal_tim.o
 .ARM.attributes
                0x000000000000036e       0x2d ./Drivers/STM32F1xx_HAL_Driver/Src/stm32f1xx_hal_tim_ex.o
 .ARM.attributes
                0x000000000000039b       0x2d d:/stm32/stm32ide1.7.0/stm32cubeide_1.7.0/stm32cubeide/plugins/com.st.stm32cube.ide.mcu.externaltools.gnu-tools-for-stm32.9-2020-q2-update.win32_2.0.0.202105311346/tools/bin/../lib/gcc/arm-none-eabi/9.3.1/../../../../arm-none-eabi/lib/thumb/v7-m/nofp\libc_nano.a(lib_a-init.o)
 .ARM.attributes
                0x00000000000003c8       0x2d d:/stm32/stm32ide1.7.0/stm32cubeide_1.7.0/stm32cubeide/plugins/com.st.stm32cube.ide.mcu.externaltools.gnu-tools-for-stm32.9-2020-q2-update.win32_2.0.0.202105311346/tools/bin/../lib/gcc/arm-none-eabi/9.3.1/../../../../arm-none-eabi/lib/thumb/v7-m/nofp\libc_nano.a(lib_a-memset.o)
 .ARM.attributes
                0x00000000000003f5       0x1d d:/stm32/stm32ide1.7.0/stm32cubeide_1.7.0/stm32cubeide/plugins/com.st.stm32cube.ide.mcu.externaltools.gnu-tools-for-stm32.9-2020-q2-update.win32_2.0.0.202105311346/tools/bin/../lib/gcc/arm-none-eabi/9.3.1/thumb/v7-m/nofp/crtn.o
OUTPUT(Lab3_new.elf elf32-littlearm)
LOAD linker stubs
LOAD d:/stm32/stm32ide1.7.0/stm32cubeide_1.7.0/stm32cubeide/plugins/com.st.stm32cube.ide.mcu.externaltools.gnu-tools-for-stm32.9-2020-q2-update.win32_2.0.0.202105311346/tools/bin/../lib/gcc/arm-none-eabi/9.3.1/../../../../arm-none-eabi/lib/thumb/v7-m/nofp\libc.a
LOAD d:/stm32/stm32ide1.7.0/stm32cubeide_1.7.0/stm32cubeide/plugins/com.st.stm32cube.ide.mcu.externaltools.gnu-tools-for-stm32.9-2020-q2-update.win32_2.0.0.202105311346/tools/bin/../lib/gcc/arm-none-eabi/9.3.1/../../../../arm-none-eabi/lib/thumb/v7-m/nofp\libm.a
LOAD d:/stm32/stm32ide1.7.0/stm32cubeide_1.7.0/stm32cubeide/plugins/com.st.stm32cube.ide.mcu.externaltools.gnu-tools-for-stm32.9-2020-q2-update.win32_2.0.0.202105311346/tools/bin/../lib/gcc/arm-none-eabi/9.3.1/thumb/v7-m/nofp\libgcc.a

.debug_info     0x0000000000000000     0xae92
 .debug_info    0x0000000000000000      0x54d ./Core/Src/button.o
 .debug_info    0x000000000000054d      0x460 ./Core/Src/fsm_auto.o
 .debug_info    0x00000000000009ad      0x496 ./Core/Src/fsm_config.o
 .debug_info    0x0000000000000e43      0x46e ./Core/Src/fsm_manual.o
 .debug_info    0x00000000000012b1      0x4a8 ./Core/Src/global.o
 .debug_info    0x0000000000001759      0x5ed ./Core/Src/led_7seg.o
 .debug_info    0x0000000000001d46      0xdd7 ./Core/Src/main.o
 .debug_info    0x0000000000002b1d      0x51b ./Core/Src/software_timer.o
 .debug_info    0x0000000000003038      0xa09 ./Core/Src/stm32f1xx_hal_msp.o
 .debug_info    0x0000000000003a41      0x7b9 ./Core/Src/stm32f1xx_it.o
 .debug_info    0x00000000000041fa      0x2be ./Core/Src/system_stm32f1xx.o
 .debug_info    0x00000000000044b8      0x569 ./Core/Src/traffic_light.o
 .debug_info    0x0000000000004a21       0x22 ./Core/Startup/startup_stm32f103c6tx.o
 .debug_info    0x0000000000004a43      0x74c ./Drivers/STM32F1xx_HAL_Driver/Src/stm32f1xx_hal.o
 .debug_info    0x000000000000518f      0xbbe ./Drivers/STM32F1xx_HAL_Driver/Src/stm32f1xx_hal_cortex.o
 .debug_info    0x0000000000005d4d      0x701 ./Drivers/STM32F1xx_HAL_Driver/Src/stm32f1xx_hal_gpio.o
 .debug_info    0x000000000000644e      0x893 ./Drivers/STM32F1xx_HAL_Driver/Src/stm32f1xx_hal_rcc.o
 .debug_info    0x0000000000006ce1     0x2c32 ./Drivers/STM32F1xx_HAL_Driver/Src/stm32f1xx_hal_tim.o
 .debug_info    0x0000000000009913     0x157f ./Drivers/STM32F1xx_HAL_Driver/Src/stm32f1xx_hal_tim_ex.o

.debug_abbrev   0x0000000000000000     0x1f74
 .debug_abbrev  0x0000000000000000      0x17b ./Core/Src/button.o
 .debug_abbrev  0x000000000000017b      0x12e ./Core/Src/fsm_auto.o
 .debug_abbrev  0x00000000000002a9      0x13f ./Core/Src/fsm_config.o
 .debug_abbrev  0x00000000000003e8      0x12e ./Core/Src/fsm_manual.o
 .debug_abbrev  0x0000000000000516      0x112 ./Core/Src/global.o
 .debug_abbrev  0x0000000000000628      0x18c ./Core/Src/led_7seg.o
 .debug_abbrev  0x00000000000007b4      0x260 ./Core/Src/main.o
 .debug_abbrev  0x0000000000000a14      0x195 ./Core/Src/software_timer.o
 .debug_abbrev  0x0000000000000ba9      0x1b7 ./Core/Src/stm32f1xx_hal_msp.o
 .debug_abbrev  0x0000000000000d60      0x176 ./Core/Src/stm32f1xx_it.o
 .debug_abbrev  0x0000000000000ed6      0x14e ./Core/Src/system_stm32f1xx.o
 .debug_abbrev  0x0000000000001024      0x11f ./Core/Src/traffic_light.o
 .debug_abbrev  0x0000000000001143       0x12 ./Core/Startup/startup_stm32f103c6tx.o
 .debug_abbrev  0x0000000000001155      0x1ed ./Drivers/STM32F1xx_HAL_Driver/Src/stm32f1xx_hal.o
 .debug_abbrev  0x0000000000001342      0x313 ./Drivers/STM32F1xx_HAL_Driver/Src/stm32f1xx_hal_cortex.o
 .debug_abbrev  0x0000000000001655      0x1e8 ./Drivers/STM32F1xx_HAL_Driver/Src/stm32f1xx_hal_gpio.o
 .debug_abbrev  0x000000000000183d      0x273 ./Drivers/STM32F1xx_HAL_Driver/Src/stm32f1xx_hal_rcc.o
 .debug_abbrev  0x0000000000001ab0      0x25e ./Drivers/STM32F1xx_HAL_Driver/Src/stm32f1xx_hal_tim.o
 .debug_abbrev  0x0000000000001d0e      0x266 ./Drivers/STM32F1xx_HAL_Driver/Src/stm32f1xx_hal_tim_ex.o

.debug_aranges  0x0000000000000000      0xae8
 .debug_aranges
                0x0000000000000000       0x40 ./Core/Src/button.o
 .debug_aranges
                0x0000000000000040       0x20 ./Core/Src/fsm_auto.o
 .debug_aranges
                0x0000000000000060       0x20 ./Core/Src/fsm_config.o
 .debug_aranges
                0x0000000000000080       0x20 ./Core/Src/fsm_manual.o
 .debug_aranges
                0x00000000000000a0       0x18 ./Core/Src/global.o
 .debug_aranges
                0x00000000000000b8       0x38 ./Core/Src/led_7seg.o
 .debug_aranges
                0x00000000000000f0       0x50 ./Core/Src/main.o
 .debug_aranges
                0x0000000000000140       0x30 ./Core/Src/software_timer.o
 .debug_aranges
                0x0000000000000170       0x30 ./Core/Src/stm32f1xx_hal_msp.o
 .debug_aranges
                0x00000000000001a0       0x68 ./Core/Src/stm32f1xx_it.o
 .debug_aranges
                0x0000000000000208       0x28 ./Core/Src/system_stm32f1xx.o
 .debug_aranges
                0x0000000000000230       0x90 ./Core/Src/traffic_light.o
 .debug_aranges
                0x00000000000002c0       0x28 ./Core/Startup/startup_stm32f103c6tx.o
 .debug_aranges
                0x00000000000002e8       0xe0 ./Drivers/STM32F1xx_HAL_Driver/Src/stm32f1xx_hal.o
 .debug_aranges
                0x00000000000003c8      0x100 ./Drivers/STM32F1xx_HAL_Driver/Src/stm32f1xx_hal_cortex.o
 .debug_aranges
                0x00000000000004c8       0x58 ./Drivers/STM32F1xx_HAL_Driver/Src/stm32f1xx_hal_gpio.o
 .debug_aranges
                0x0000000000000520       0x90 ./Drivers/STM32F1xx_HAL_Driver/Src/stm32f1xx_hal_rcc.o
 .debug_aranges
                0x00000000000005b0      0x3d0 ./Drivers/STM32F1xx_HAL_Driver/Src/stm32f1xx_hal_tim.o
 .debug_aranges
                0x0000000000000980      0x168 ./Drivers/STM32F1xx_HAL_Driver/Src/stm32f1xx_hal_tim_ex.o

.debug_ranges   0x0000000000000000      0x9b8
 .debug_ranges  0x0000000000000000       0x30 ./Core/Src/button.o
 .debug_ranges  0x0000000000000030       0x10 ./Core/Src/fsm_auto.o
 .debug_ranges  0x0000000000000040       0x10 ./Core/Src/fsm_config.o
 .debug_ranges  0x0000000000000050       0x10 ./Core/Src/fsm_manual.o
 .debug_ranges  0x0000000000000060       0x28 ./Core/Src/led_7seg.o
 .debug_ranges  0x0000000000000088       0x40 ./Core/Src/main.o
 .debug_ranges  0x00000000000000c8       0x20 ./Core/Src/software_timer.o
 .debug_ranges  0x00000000000000e8       0x20 ./Core/Src/stm32f1xx_hal_msp.o
 .debug_ranges  0x0000000000000108       0x58 ./Core/Src/stm32f1xx_it.o
 .debug_ranges  0x0000000000000160       0x18 ./Core/Src/system_stm32f1xx.o
 .debug_ranges  0x0000000000000178       0x80 ./Core/Src/traffic_light.o
 .debug_ranges  0x00000000000001f8       0x20 ./Core/Startup/startup_stm32f103c6tx.o
 .debug_ranges  0x0000000000000218       0xd0 ./Drivers/STM32F1xx_HAL_Driver/Src/stm32f1xx_hal.o
 .debug_ranges  0x00000000000002e8       0xf0 ./Drivers/STM32F1xx_HAL_Driver/Src/stm32f1xx_hal_cortex.o
 .debug_ranges  0x00000000000003d8       0x48 ./Drivers/STM32F1xx_HAL_Driver/Src/stm32f1xx_hal_gpio.o
 .debug_ranges  0x0000000000000420       0x80 ./Drivers/STM32F1xx_HAL_Driver/Src/stm32f1xx_hal_rcc.o
 .debug_ranges  0x00000000000004a0      0x3c0 ./Drivers/STM32F1xx_HAL_Driver/Src/stm32f1xx_hal_tim.o
 .debug_ranges  0x0000000000000860      0x158 ./Drivers/STM32F1xx_HAL_Driver/Src/stm32f1xx_hal_tim_ex.o

.debug_macro    0x0000000000000000    0x174ae
 .debug_macro   0x0000000000000000      0x208 ./Core/Src/button.o
 .debug_macro   0x0000000000000208      0xa9c ./Core/Src/button.o
 .debug_macro   0x0000000000000ca4      0x215 ./Core/Src/button.o
 .debug_macro   0x0000000000000eb9       0x2e ./Core/Src/button.o
 .debug_macro   0x0000000000000ee7       0x22 ./Core/Src/button.o
 .debug_macro   0x0000000000000f09       0x22 ./Core/Src/button.o
 .debug_macro   0x0000000000000f2b       0x8e ./Core/Src/button.o
 .debug_macro   0x0000000000000fb9       0x51 ./Core/Src/button.o
 .debug_macro   0x000000000000100a      0x103 ./Core/Src/button.o
 .debug_macro   0x000000000000110d       0x6a ./Core/Src/button.o
 .debug_macro   0x0000000000001177      0x1df ./Core/Src/button.o
 .debug_macro   0x0000000000001356       0x1c ./Core/Src/button.o
 .debug_macro   0x0000000000001372       0x22 ./Core/Src/button.o
 .debug_macro   0x0000000000001394       0xc3 ./Core/Src/button.o
 .debug_macro   0x0000000000001457      0xd23 ./Core/Src/button.o
 .debug_macro   0x000000000000217a     0xde75 ./Core/Src/button.o
 .debug_macro   0x000000000000ffef       0x6d ./Core/Src/button.o
 .debug_macro   0x000000000001005c     0x34a2 ./Core/Src/button.o
 .debug_macro   0x00000000000134fe      0x174 ./Core/Src/button.o
 .debug_macro   0x0000000000013672       0x5c ./Core/Src/button.o
 .debug_macro   0x00000000000136ce      0x5bc ./Core/Src/button.o
 .debug_macro   0x0000000000013c8a      0x1b7 ./Core/Src/button.o
 .debug_macro   0x0000000000013e41      0x1cb ./Core/Src/button.o
 .debug_macro   0x000000000001400c      0x114 ./Core/Src/button.o
 .debug_macro   0x0000000000014120      0x1b2 ./Core/Src/button.o
 .debug_macro   0x00000000000142d2       0x27 ./Core/Src/button.o
 .debug_macro   0x00000000000142f9      0x12f ./Core/Src/button.o
 .debug_macro   0x0000000000014428      0x1bc ./Core/Src/button.o
 .debug_macro   0x00000000000145e4       0x34 ./Core/Src/button.o
 .debug_macro   0x0000000000014618       0x3c ./Core/Src/button.o
 .debug_macro   0x0000000000014654       0x57 ./Core/Src/button.o
 .debug_macro   0x00000000000146ab       0x87 ./Core/Src/button.o
 .debug_macro   0x0000000000014732      0x183 ./Core/Src/button.o
 .debug_macro   0x00000000000148b5      0x140 ./Core/Src/button.o
 .debug_macro   0x00000000000149f5      0x8ed ./Core/Src/button.o
 .debug_macro   0x00000000000152e2       0x69 ./Core/Src/button.o
 .debug_macro   0x000000000001534b      0x160 ./Core/Src/button.o
 .debug_macro   0x00000000000154ab       0x6a ./Core/Src/button.o
 .debug_macro   0x0000000000015515       0x1c ./Core/Src/button.o
 .debug_macro   0x0000000000015531      0x208 ./Core/Src/fsm_auto.o
 .debug_macro   0x0000000000015739      0x208 ./Core/Src/fsm_config.o
 .debug_macro   0x0000000000015941      0x208 ./Core/Src/fsm_manual.o
 .debug_macro   0x0000000000015b49      0x204 ./Core/Src/global.o
 .debug_macro   0x0000000000015d4d      0x214 ./Core/Src/led_7seg.o
 .debug_macro   0x0000000000015f61      0x224 ./Core/Src/main.o
 .debug_macro   0x0000000000016185      0x208 ./Core/Src/software_timer.o
 .debug_macro   0x000000000001638d      0x1a6 ./Core/Src/stm32f1xx_hal_msp.o
 .debug_macro   0x0000000000016533      0x1b0 ./Core/Src/stm32f1xx_it.o
 .debug_macro   0x00000000000166e3      0x197 ./Core/Src/system_stm32f1xx.o
 .debug_macro   0x000000000001687a      0x208 ./Core/Src/traffic_light.o
 .debug_macro   0x0000000000016a82      0x1bb ./Drivers/STM32F1xx_HAL_Driver/Src/stm32f1xx_hal.o
 .debug_macro   0x0000000000016c3d      0x197 ./Drivers/STM32F1xx_HAL_Driver/Src/stm32f1xx_hal_cortex.o
 .debug_macro   0x0000000000016dd4      0x202 ./Drivers/STM32F1xx_HAL_Driver/Src/stm32f1xx_hal_gpio.o
 .debug_macro   0x0000000000016fd6      0x1a9 ./Drivers/STM32F1xx_HAL_Driver/Src/stm32f1xx_hal_rcc.o
 .debug_macro   0x000000000001717f      0x198 ./Drivers/STM32F1xx_HAL_Driver/Src/stm32f1xx_hal_tim.o
 .debug_macro   0x0000000000017317      0x197 ./Drivers/STM32F1xx_HAL_Driver/Src/stm32f1xx_hal_tim_ex.o

.debug_line     0x0000000000000000     0xd9e4
 .debug_line    0x0000000000000000      0x826 ./Core/Src/button.o
 .debug_line    0x0000000000000826      0x852 ./Core/Src/fsm_auto.o
 .debug_line    0x0000000000001078      0x8b6 ./Core/Src/fsm_config.o
 .debug_line    0x000000000000192e      0x7e6 ./Core/Src/fsm_manual.o
 .debug_line    0x0000000000002114      0x72f ./Core/Src/global.o
 .debug_line    0x0000000000002843      0x8ed ./Core/Src/led_7seg.o
 .debug_line    0x0000000000003130      0x895 ./Core/Src/main.o
 .debug_line    0x00000000000039c5      0x7ba ./Core/Src/software_timer.o
 .debug_line    0x000000000000417f      0x714 ./Core/Src/stm32f1xx_hal_msp.o
 .debug_line    0x0000000000004893      0x7b2 ./Core/Src/stm32f1xx_it.o
 .debug_line    0x0000000000005045      0x756 ./Core/Src/system_stm32f1xx.o
 .debug_line    0x000000000000579b      0x8d3 ./Core/Src/traffic_light.o
 .debug_line    0x000000000000606e       0x86 ./Core/Startup/startup_stm32f103c6tx.o
 .debug_line    0x00000000000060f4      0x983 ./Drivers/STM32F1xx_HAL_Driver/Src/stm32f1xx_hal.o
 .debug_line    0x0000000000006a77      0xb6b ./Drivers/STM32F1xx_HAL_Driver/Src/stm32f1xx_hal_cortex.o
 .debug_line    0x00000000000075e2      0xa06 ./Drivers/STM32F1xx_HAL_Driver/Src/stm32f1xx_hal_gpio.o
 .debug_line    0x0000000000007fe8      0xd8f ./Drivers/STM32F1xx_HAL_Driver/Src/stm32f1xx_hal_rcc.o
 .debug_line    0x0000000000008d77     0x33d4 ./Drivers/STM32F1xx_HAL_Driver/Src/stm32f1xx_hal_tim.o
 .debug_line    0x000000000000c14b     0x1899 ./Drivers/STM32F1xx_HAL_Driver/Src/stm32f1xx_hal_tim_ex.o

.debug_str      0x0000000000000000    0x82b29
 .debug_str     0x0000000000000000    0x7fdc9 ./Core/Src/button.o
                                      0x80186 (size before relaxing)
 .debug_str     0x000000000007fdc9       0x24 ./Core/Src/fsm_auto.o
                                      0x8012c (size before relaxing)
 .debug_str     0x000000000007fded       0x59 ./Core/Src/fsm_config.o
                                      0x80161 (size before relaxing)
 .debug_str     0x000000000007fe46       0x28 ./Core/Src/fsm_manual.o
                                      0x80130 (size before relaxing)
 .debug_str     0x000000000007fe6e       0x15 ./Core/Src/global.o
                                      0x8011d (size before relaxing)
 .debug_str     0x000000000007fe83      0x15e ./Core/Src/led_7seg.o
                                      0x80282 (size before relaxing)
 .debug_str     0x000000000007ffe1      0x6eb ./Core/Src/main.o
                                      0x808bf (size before relaxing)
 .debug_str     0x00000000000806cc       0x79 ./Core/Src/software_timer.o
                                      0x80187 (size before relaxing)
 .debug_str     0x0000000000080745      0x2ba ./Core/Src/stm32f1xx_hal_msp.o
                                      0x80485 (size before relaxing)
 .debug_str     0x00000000000809ff       0xcd ./Core/Src/stm32f1xx_it.o
                                      0x801e7 (size before relaxing)
 .debug_str     0x0000000000080acc       0x52 ./Core/Src/system_stm32f1xx.o
                                      0x7f764 (size before relaxing)
 .debug_str     0x0000000000080b1e      0x192 ./Core/Src/traffic_light.o
                                      0x802b6 (size before relaxing)
 .debug_str     0x0000000000080cb0       0x36 ./Core/Startup/startup_stm32f103c6tx.o
                                         0x58 (size before relaxing)
 .debug_str     0x0000000000080ce6      0x304 ./Drivers/STM32F1xx_HAL_Driver/Src/stm32f1xx_hal.o
                                      0x7fdbb (size before relaxing)
 .debug_str     0x0000000000080fea      0x300 ./Drivers/STM32F1xx_HAL_Driver/Src/stm32f1xx_hal_cortex.o
                                      0x7fdc3 (size before relaxing)
 .debug_str     0x00000000000812ea      0x324 ./Drivers/STM32F1xx_HAL_Driver/Src/stm32f1xx_hal_gpio.o
                                      0x7fb28 (size before relaxing)
 .debug_str     0x000000000008160e      0x24f ./Drivers/STM32F1xx_HAL_Driver/Src/stm32f1xx_hal_rcc.o
                                      0x7fb61 (size before relaxing)
 .debug_str     0x000000000008185d      0xdde ./Drivers/STM32F1xx_HAL_Driver/Src/stm32f1xx_hal_tim.o
                                      0x80b4a (size before relaxing)
 .debug_str     0x000000000008263b      0x4ee ./Drivers/STM32F1xx_HAL_Driver/Src/stm32f1xx_hal_tim_ex.o
                                      0x802eb (size before relaxing)

.comment        0x0000000000000000       0x53
 .comment       0x0000000000000000       0x53 ./Core/Src/button.o
                                         0x54 (size before relaxing)
 .comment       0x0000000000000053       0x54 ./Core/Src/fsm_auto.o
 .comment       0x0000000000000053       0x54 ./Core/Src/fsm_config.o
 .comment       0x0000000000000053       0x54 ./Core/Src/fsm_manual.o
 .comment       0x0000000000000053       0x54 ./Core/Src/global.o
 .comment       0x0000000000000053       0x54 ./Core/Src/led_7seg.o
 .comment       0x0000000000000053       0x54 ./Core/Src/main.o
 .comment       0x0000000000000053       0x54 ./Core/Src/software_timer.o
 .comment       0x0000000000000053       0x54 ./Core/Src/stm32f1xx_hal_msp.o
 .comment       0x0000000000000053       0x54 ./Core/Src/stm32f1xx_it.o
 .comment       0x0000000000000053       0x54 ./Core/Src/system_stm32f1xx.o
 .comment       0x0000000000000053       0x54 ./Core/Src/traffic_light.o
 .comment       0x0000000000000053       0x54 ./Drivers/STM32F1xx_HAL_Driver/Src/stm32f1xx_hal.o
 .comment       0x0000000000000053       0x54 ./Drivers/STM32F1xx_HAL_Driver/Src/stm32f1xx_hal_cortex.o
 .comment       0x0000000000000053       0x54 ./Drivers/STM32F1xx_HAL_Driver/Src/stm32f1xx_hal_gpio.o
 .comment       0x0000000000000053       0x54 ./Drivers/STM32F1xx_HAL_Driver/Src/stm32f1xx_hal_rcc.o
 .comment       0x0000000000000053       0x54 ./Drivers/STM32F1xx_HAL_Driver/Src/stm32f1xx_hal_tim.o
 .comment       0x0000000000000053       0x54 ./Drivers/STM32F1xx_HAL_Driver/Src/stm32f1xx_hal_tim_ex.o

.debug_frame    0x0000000000000000     0x2a08
 .debug_frame   0x0000000000000000       0xd4 ./Core/Src/button.o
 .debug_frame   0x00000000000000d4       0x2c ./Core/Src/fsm_auto.o
 .debug_frame   0x0000000000000100       0x2c ./Core/Src/fsm_config.o
 .debug_frame   0x000000000000012c       0x2c ./Core/Src/fsm_manual.o
 .debug_frame   0x0000000000000158       0x94 ./Core/Src/led_7seg.o
 .debug_frame   0x00000000000001ec       0xf0 ./Core/Src/main.o
 .debug_frame   0x00000000000002dc       0x88 ./Core/Src/software_timer.o
 .debug_frame   0x0000000000000364       0x80 ./Core/Src/stm32f1xx_hal_msp.o
 .debug_frame   0x00000000000003e4      0x120 ./Core/Src/stm32f1xx_it.o
 .debug_frame   0x0000000000000504       0x58 ./Core/Src/system_stm32f1xx.o
 .debug_frame   0x000000000000055c      0x1b4 ./Core/Src/traffic_light.o
 .debug_frame   0x0000000000000710      0x334 ./Drivers/STM32F1xx_HAL_Driver/Src/stm32f1xx_hal.o
 .debug_frame   0x0000000000000a44      0x428 ./Drivers/STM32F1xx_HAL_Driver/Src/stm32f1xx_hal_cortex.o
 .debug_frame   0x0000000000000e6c      0x14c ./Drivers/STM32F1xx_HAL_Driver/Src/stm32f1xx_hal_gpio.o
 .debug_frame   0x0000000000000fb8      0x218 ./Drivers/STM32F1xx_HAL_Driver/Src/stm32f1xx_hal_rcc.o
 .debug_frame   0x00000000000011d0     0x11b4 ./Drivers/STM32F1xx_HAL_Driver/Src/stm32f1xx_hal_tim.o
 .debug_frame   0x0000000000002384      0x638 ./Drivers/STM32F1xx_HAL_Driver/Src/stm32f1xx_hal_tim_ex.o
 .debug_frame   0x00000000000029bc       0x2c d:/stm32/stm32ide1.7.0/stm32cubeide_1.7.0/stm32cubeide/plugins/com.st.stm32cube.ide.mcu.externaltools.gnu-tools-for-stm32.9-2020-q2-update.win32_2.0.0.202105311346/tools/bin/../lib/gcc/arm-none-eabi/9.3.1/../../../../arm-none-eabi/lib/thumb/v7-m/nofp\libc_nano.a(lib_a-init.o)
 .debug_frame   0x00000000000029e8       0x20 d:/stm32/stm32ide1.7.0/stm32cubeide_1.7.0/stm32cubeide/plugins/com.st.stm32cube.ide.mcu.externaltools.gnu-tools-for-stm32.9-2020-q2-update.win32_2.0.0.202105311346/tools/bin/../lib/gcc/arm-none-eabi/9.3.1/../../../../arm-none-eabi/lib/thumb/v7-m/nofp\libc_nano.a(lib_a-memset.o)
